../Middlewares/ST/touchgfx/framework/include/platform/core/MCUInstrumentation.hpp:30:5:touchgfx::MCUInstrumentation::MCUInstrumentation()	16	static
../Middlewares/ST/touchgfx/framework/include/platform/core/MCUInstrumentation.hpp:40:13:touchgfx::MCUInstrumentation::~MCUInstrumentation()	16	static
../Middlewares/ST/touchgfx/framework/include/platform/core/MCUInstrumentation.hpp:40:13:virtual touchgfx::MCUInstrumentation::~MCUInstrumentation()	16	static
../Middlewares/ST/touchgfx/framework/include/platform/core/MCUInstrumentation.hpp:67:18:virtual void touchgfx::MCUInstrumentation::setMCUActive(bool)	24	static
../Middlewares/ST/touchgfx/framework/include/platform/core/MCUInstrumentation.hpp:85:22:virtual uint32_t touchgfx::MCUInstrumentation::getCCConsumed()	16	static
../Middlewares/ST/touchgfx/framework/include/platform/core/MCUInstrumentation.hpp:95:18:virtual void touchgfx::MCUInstrumentation::setCCConsumed(uint32_t)	16	static
../Middlewares/ST/touchgfx/framework/include/platform/driver/button/ButtonController.hpp:30:13:touchgfx::ButtonController::~ButtonController()	16	static
../Middlewares/ST/touchgfx/framework/include/platform/driver/button/ButtonController.hpp:30:13:virtual touchgfx::ButtonController::~ButtonController()	16	static
../Middlewares/ST/touchgfx/framework/include/platform/driver/button/ButtonController.hpp:48:18:virtual void touchgfx::ButtonController::reset()	16	static
../Middlewares/ST/touchgfx/framework/include/touchgfx/hal/HAL.hpp:101:13:touchgfx::HAL::~HAL()	16	static
../Middlewares/ST/touchgfx/framework/include/touchgfx/hal/HAL.hpp:101:13:virtual touchgfx::HAL::~HAL()	16	static
../Middlewares/ST/touchgfx/framework/include/touchgfx/hal/HAL.hpp:110:17:static touchgfx::HAL* touchgfx::HAL::getInstance()	4	static
../Middlewares/ST/touchgfx/framework/include/touchgfx/hal/HAL.hpp:124:18:virtual void touchgfx::HAL::setDisplayOrientation(touchgfx::DisplayOrientation)	16	static
../Middlewares/ST/touchgfx/framework/include/touchgfx/hal/HAL.hpp:156:18:virtual void touchgfx::HAL::setFrameBufferSize(uint16_t, uint16_t)	16	static
../Middlewares/ST/touchgfx/framework/include/touchgfx/hal/HAL.hpp:209:10:void touchgfx::HAL::frontPorchEntered()	16	static
../Middlewares/ST/touchgfx/framework/include/touchgfx/hal/HAL.hpp:294:10:void touchgfx::HAL::lockDMAToFrontPorch(bool)	16	static
../Middlewares/ST/touchgfx/framework/include/touchgfx/hal/HAL.hpp:320:28:virtual touchgfx::BlitOperations touchgfx::HAL::getBlitCaps()	16	static
../Middlewares/ST/touchgfx/framework/include/touchgfx/hal/HAL.hpp:628:10:void touchgfx::HAL::vSync()	16	static
../Middlewares/ST/touchgfx/framework/include/touchgfx/hal/HAL.hpp:638:18:virtual void touchgfx::HAL::backPorchExited()	16	static
../Middlewares/ST/touchgfx/framework/include/touchgfx/hal/HAL.hpp:670:18:virtual bool touchgfx::HAL::sampleKey(uint8_t&)	16	static
../Middlewares/ST/touchgfx/framework/include/touchgfx/hal/HAL.hpp:720:18:virtual void touchgfx::HAL::setFrameBufferStartAddresses(void*, void*, void*)	24	static
../Middlewares/ST/touchgfx/framework/include/touchgfx/hal/HAL.hpp:737:18:virtual void touchgfx::HAL::setAnimationStorage(void*)	16	static
../Middlewares/ST/touchgfx/framework/include/touchgfx/hal/HAL.hpp:762:10:void touchgfx::HAL::setTouchSampleRate(int8_t)	16	static
../Middlewares/ST/touchgfx/framework/include/touchgfx/hal/HAL.hpp:802:10:void touchgfx::HAL::setMCUInstrumentation(touchgfx::MCUInstrumentation*)	16	static
../Middlewares/ST/touchgfx/framework/include/touchgfx/hal/HAL.hpp:813:10:void touchgfx::HAL::enableMCULoadCalculation(bool)	16	static
../Middlewares/ST/touchgfx/framework/include/touchgfx/hal/HAL.hpp:833:10:void touchgfx::HAL::setButtonController(touchgfx::ButtonController*)	16	static
../Middlewares/ST/touchgfx/framework/include/touchgfx/hal/HAL.hpp:876:30:virtual touchgfx::FlashDataReader* touchgfx::HAL::getFlashDataReader() const	16	static
../Middlewares/ST/touchgfx/framework/include/touchgfx/hal/HAL.hpp:1025:18:virtual void touchgfx::HAL::taskDelay(uint16_t)	16	static
../Middlewares/ST/touchgfx/framework/include/touchgfx/hal/HAL.hpp:1052:22:virtual uint16_t touchgfx::HAL::getTFTCurrentLine()	16	static
../Middlewares/ST/touchgfx/framework/include/touchgfx/hal/HAL.hpp:1063:21:virtual touchgfx::DMAType touchgfx::HAL::getDMAType()	16	static
../Middlewares/ST/touchgfx/framework/include/touchgfx/hal/HAL.hpp:1162:18:virtual void touchgfx::HAL::performDisplayOrientationChange()	24	static
../Middlewares/ST/touchgfx/framework/include/touchgfx/hal/HAL.hpp:1189:18:virtual void touchgfx::HAL::InvalidateCache()	16	static
../Middlewares/ST/touchgfx/framework/include/touchgfx/hal/HAL.hpp:1199:18:virtual void touchgfx::HAL::FlushCache()	16	static
../TouchGFX/target/generated/TouchGFXGeneratedHAL.hpp:106:18:virtual void TouchGFXGeneratedHAL::flushFrameBuffer()	16	static
../TouchGFX/target/generated/TouchGFXGeneratedHAL.hpp:30:7:TouchGFXGeneratedHAL::~TouchGFXGeneratedHAL()	16	static
../TouchGFX/target/generated/TouchGFXGeneratedHAL.hpp:30:7:virtual TouchGFXGeneratedHAL::~TouchGFXGeneratedHAL()	16	static
../TouchGFX/target/TouchGFXHAL.hpp:102:18:virtual void TouchGFXHAL::flushFrameBuffer()	16	static
../Middlewares/ST/touchgfx/framework/include/platform/driver/button/ButtonController.hpp:26:7:constexpr touchgfx::ButtonController::ButtonController()	16	static
../TouchGFX/target/KeySampler.hpp:49:5:touchgfx::KeySampler::KeySampler()	16	static
../TouchGFX/target/KeySampler.hpp:53:13:touchgfx::KeySampler::~KeySampler()	16	static
../TouchGFX/target/KeySampler.hpp:53:13:virtual touchgfx::KeySampler::~KeySampler()	16	static
../TouchGFX/target/CortexMMCUInstrumentation.hpp:20:7:touchgfx::CortexMMCUInstrumentation::CortexMMCUInstrumentation()	16	static
../TouchGFX/target/TouchGFXHAL.cpp:82:6:virtual void TouchGFXHAL::initialize()	16	static
../TouchGFX/target/TouchGFXHAL.cpp:103:6:virtual void TouchGFXHAL::taskEntry()	24	static
../TouchGFX/target/TouchGFXHAL.cpp:126:11:virtual uint16_t* TouchGFXHAL::getTFTFrameBuffer() const	16	static
../TouchGFX/target/TouchGFXHAL.cpp:141:6:virtual void TouchGFXHAL::setTFTFrameBuffer(uint16_t*)	16	static
../TouchGFX/target/TouchGFXHAL.cpp:158:6:virtual void TouchGFXHAL::flushFrameBuffer(const touchgfx::Rect&)	16	static
../TouchGFX/target/TouchGFXHAL.cpp:170:6:virtual bool TouchGFXHAL::blockCopy(void*, const void*, uint32_t)	24	static
../TouchGFX/target/TouchGFXHAL.cpp:179:6:virtual void TouchGFXHAL::configureInterrupts()	16	static
../TouchGFX/target/TouchGFXHAL.cpp:192:6:virtual void TouchGFXHAL::enableInterrupts()	16	static
../TouchGFX/target/TouchGFXHAL.cpp:205:6:virtual void TouchGFXHAL::disableInterrupts()	16	static
../TouchGFX/target/TouchGFXHAL.cpp:219:6:virtual void TouchGFXHAL::enableLCDControllerInterrupt()	16	static
../TouchGFX/target/TouchGFXHAL.cpp:230:6:virtual void TouchGFXHAL::setFrameBufferStartAddresses(void*, void*, void*)	24	static
../TouchGFX/target/TouchGFXHAL.cpp:236:6:virtual bool TouchGFXHAL::beginFrame()	16	static
../TouchGFX/target/TouchGFXHAL.cpp:242:6:virtual void TouchGFXHAL::endFrame()	16	static
../TouchGFX/target/TouchGFXHAL.cpp:261:10:void DSI_IO_WriteCmd(uint32_t, uint8_t*)	24	static
../TouchGFX/target/TouchGFXHAL.cpp:276:10:void LCD_ReqTear()	24	static
../TouchGFX/target/TouchGFXHAL.cpp:289:10:void LCD_SetUpdateRegion(int)	24	static
../TouchGFX/target/TouchGFXHAL.cpp:294:10:void LCD_SetUpdateRegionLeft()	16	static
../TouchGFX/target/TouchGFXHAL.cpp:299:10:void LCD_SetUpdateRegionRight()	16	static
../TouchGFX/target/TouchGFXHAL.cpp:304:10:void HAL_DSI_TearingEffectCallback(DSI_HandleTypeDef*)	16	static
../TouchGFX/target/TouchGFXHAL.cpp:340:10:void HAL_DSI_EndOfRefreshCallback(DSI_HandleTypeDef*)	24	static
../TouchGFX/target/TouchGFXHAL.cpp:392:19:long int IdleTaskHook(void*)	16	static
../TouchGFX/target/TouchGFXHAL.hpp:34:7:TouchGFXHAL::~TouchGFXHAL()	16	static
../TouchGFX/target/TouchGFXHAL.hpp:34:7:virtual TouchGFXHAL::~TouchGFXHAL()	16	static
../TouchGFX/target/CortexMMCUInstrumentation.hpp:20:7:touchgfx::CortexMMCUInstrumentation::~CortexMMCUInstrumentation()	16	static
../TouchGFX/target/CortexMMCUInstrumentation.hpp:20:7:virtual touchgfx::CortexMMCUInstrumentation::~CortexMMCUInstrumentation()	16	static
../TouchGFX/target/TouchGFXHAL.cpp:404:1:void __static_initialization_and_destruction_0(int, int)	16	static
../TouchGFX/target/TouchGFXHAL.cpp:404:1:cpp)	8	static
../TouchGFX/target/TouchGFXHAL.cpp:404:1:cpp)	8	static
