../Core/Src/main.c:156:5:main	8	static
../Core/Src/main.c:266:6:SystemClock_Config	88	static
../Core/Src/main.c:320:13:MX_ADC1_Init	24	static
../Core/Src/main.c:372:13:MX_ADC2_Init	24	static
../Core/Src/main.c:424:13:MX_CRC_Init	8	static
../Core/Src/main.c:450:13:MX_DAC_Init	16	static
../Core/Src/main.c:497:13:MX_DMA2D_Init	8	static
../Core/Src/main.c:534:13:MX_DSIHOST_DSI_Init	176	static
../Core/Src/main.c:652:13:MX_I2C1_Init	8	static
../Core/Src/main.c:686:13:MX_LTDC_Init	120	static
../Core/Src/main.c:769:13:MX_QUADSPI_Init	8	static
../Core/Src/main.c:812:13:MX_SDIO_SD_Init	4	static
../Core/Src/main.c:840:13:MX_TIM2_Init	48	static
../Core/Src/main.c:889:13:MX_USART3_UART_Init	8	static
../Core/Src/main.c:920:13:MX_DMA_Init	16	static
../Core/Src/main.c:950:13:MX_FMC_Init	40	static
../Core/Src/main.c:1005:13:MX_GPIO_Init	72	static
../Core/Src/main.c:1137:6:StartTaskTank	16	static
../Core/Src/main.c:1155:6:StartTaskI2C	16	static
../Core/Src/main.c:1175:6:HAL_TIM_PeriodElapsedCallback	16	static
../Core/Src/main.c:1192:6:Error_Handler	4	static
