../Core/Src/main.c:178:5:main	8	static
../Core/Src/main.c:297:6:SystemClock_Config	88	static
../Core/Src/main.c:351:13:MX_ADC1_Init	24	static
../Core/Src/main.c:403:13:MX_ADC2_Init	24	static
../Core/Src/main.c:455:13:MX_CRC_Init	8	static
../Core/Src/main.c:481:13:MX_DAC_Init	16	static
../Core/Src/main.c:528:13:MX_DMA2D_Init	8	static
../Core/Src/main.c:565:13:MX_DSIHOST_DSI_Init	176	static
../Core/Src/main.c:683:13:MX_I2C1_Init	8	static
../Core/Src/main.c:717:13:MX_LTDC_Init	120	static
../Core/Src/main.c:800:13:MX_QUADSPI_Init	8	static
../Core/Src/main.c:843:13:MX_SDIO_SD_Init	4	static
../Core/Src/main.c:871:13:MX_TIM2_Init	48	static
../Core/Src/main.c:920:13:MX_USART3_UART_Init	8	static
../Core/Src/main.c:951:13:MX_DMA_Init	16	static
../Core/Src/main.c:981:13:MX_FMC_Init	40	static
../Core/Src/main.c:1036:13:MX_GPIO_Init	72	static
../Core/Src/main.c:1168:6:StartTaskTank	16	static
../Core/Src/main.c:1186:6:StartTaskFC	16	static
../Core/Src/main.c:1222:6:StartTaskSwitches	16	static
../Core/Src/main.c:1240:6:StartTaskI2C	16	static
../Core/Src/main.c:1259:6:HAL_TIM_PeriodElapsedCallback	16	static
../Core/Src/main.c:1276:6:Error_Handler	4	static
