../Core/Src/main.c:164:5:main	8	static
../Core/Src/main.c:281:6:SystemClock_Config	88	static
../Core/Src/main.c:335:13:MX_ADC1_Init	24	static
../Core/Src/main.c:387:13:MX_ADC2_Init	24	static
../Core/Src/main.c:439:13:MX_CRC_Init	8	static
../Core/Src/main.c:465:13:MX_DAC_Init	16	static
../Core/Src/main.c:512:13:MX_DMA2D_Init	8	static
../Core/Src/main.c:549:13:MX_DSIHOST_DSI_Init	176	static
../Core/Src/main.c:667:13:MX_I2C1_Init	8	static
../Core/Src/main.c:701:13:MX_LTDC_Init	120	static
../Core/Src/main.c:784:13:MX_QUADSPI_Init	8	static
../Core/Src/main.c:827:13:MX_SDIO_SD_Init	4	static
../Core/Src/main.c:855:13:MX_TIM2_Init	48	static
../Core/Src/main.c:904:13:MX_USART3_UART_Init	8	static
../Core/Src/main.c:935:13:MX_DMA_Init	16	static
../Core/Src/main.c:958:13:MX_FMC_Init	40	static
../Core/Src/main.c:1013:13:MX_GPIO_Init	72	static
../Core/Src/main.c:1145:6:StartTaskTank	16	static
../Core/Src/main.c:1163:6:StartTaskI2C	16	static
../Core/Src/main.c:1183:6:HAL_TIM_PeriodElapsedCallback	16	static
../Core/Src/main.c:1200:6:Error_Handler	4	static
