../Core/Src/main.c:177:5:main	8	static
../Core/Src/main.c:296:6:SystemClock_Config	88	static
../Core/Src/main.c:350:13:MX_ADC1_Init	24	static
../Core/Src/main.c:402:13:MX_ADC2_Init	24	static
../Core/Src/main.c:454:13:MX_CRC_Init	8	static
../Core/Src/main.c:480:13:MX_DAC_Init	16	static
../Core/Src/main.c:527:13:MX_DMA2D_Init	8	static
../Core/Src/main.c:564:13:MX_DSIHOST_DSI_Init	176	static
../Core/Src/main.c:682:13:MX_I2C1_Init	8	static
../Core/Src/main.c:716:13:MX_LTDC_Init	120	static
../Core/Src/main.c:799:13:MX_QUADSPI_Init	8	static
../Core/Src/main.c:842:13:MX_SDIO_SD_Init	4	static
../Core/Src/main.c:870:13:MX_TIM2_Init	48	static
../Core/Src/main.c:919:13:MX_USART3_UART_Init	8	static
../Core/Src/main.c:950:13:MX_DMA_Init	16	static
../Core/Src/main.c:980:13:MX_FMC_Init	40	static
../Core/Src/main.c:1035:13:MX_GPIO_Init	72	static
../Core/Src/main.c:1167:6:StartTaskTank	16	static
../Core/Src/main.c:1185:6:StartTaskFC	16	static
../Core/Src/main.c:1203:6:StartTaskSensor	16	static
../Core/Src/main.c:1221:6:StartTaskSwitches	16	static
../Core/Src/main.c:1239:6:StartTaskI2C	16	static
../Core/Src/main.c:1258:6:HAL_TIM_PeriodElapsedCallback	16	static
../Core/Src/main.c:1275:6:Error_Handler	4	static
