../Core/Src/stm32f4xx_it.c:82:6:NMI_Handler	4	static
../Core/Src/stm32f4xx_it.c:95:6:HardFault_Handler	4	static
../Core/Src/stm32f4xx_it.c:110:6:MemManage_Handler	4	static
../Core/Src/stm32f4xx_it.c:125:6:BusFault_Handler	4	static
../Core/Src/stm32f4xx_it.c:140:6:UsageFault_Handler	4	static
../Core/Src/stm32f4xx_it.c:155:6:DebugMon_Handler	4	static
../Core/Src/stm32f4xx_it.c:175:6:ADC_IRQHandler	8	static
../Core/Src/stm32f4xx_it.c:190:6:TIM2_IRQHandler	8	static
../Core/Src/stm32f4xx_it.c:204:6:TIM6_DAC_IRQHandler	8	static
../Core/Src/stm32f4xx_it.c:221:6:DMA2_Stream0_IRQHandler	8	static
../Core/Src/stm32f4xx_it.c:235:6:DMA2_Stream2_IRQHandler	8	static
../Core/Src/stm32f4xx_it.c:249:6:DMA2_Stream3_IRQHandler	8	static
../Core/Src/stm32f4xx_it.c:263:6:DMA2_Stream6_IRQHandler	8	static
../Core/Src/stm32f4xx_it.c:277:6:LTDC_IRQHandler	8	static
../Core/Src/stm32f4xx_it.c:291:6:DMA2D_IRQHandler	8	static
../Core/Src/stm32f4xx_it.c:305:6:DSI_IRQHandler	8	static
