../Core/Src/stm32f4xx_hal_msp.c:77:6:HAL_MspInit	16	static
../Core/Src/stm32f4xx_hal_msp.c:101:6:HAL_ADC_MspInit	56	static
../Core/Src/stm32f4xx_hal_msp.c:199:6:HAL_ADC_MspDeInit	16	static
../Core/Src/stm32f4xx_hal_msp.c:268:6:HAL_CRC_MspInit	24	static
../Core/Src/stm32f4xx_hal_msp.c:290:6:HAL_CRC_MspDeInit	16	static
../Core/Src/stm32f4xx_hal_msp.c:312:6:HAL_DAC_MspInit	48	static
../Core/Src/stm32f4xx_hal_msp.c:349:6:HAL_DAC_MspDeInit	16	static
../Core/Src/stm32f4xx_hal_msp.c:380:6:HAL_DMA2D_MspInit	24	static
../Core/Src/stm32f4xx_hal_msp.c:405:6:HAL_DMA2D_MspDeInit	16	static
../Core/Src/stm32f4xx_hal_msp.c:430:6:HAL_DSI_MspInit	48	static
../Core/Src/stm32f4xx_hal_msp.c:468:6:HAL_DSI_MspDeInit	16	static
../Core/Src/stm32f4xx_hal_msp.c:498:6:HAL_I2C_MspInit	48	static
../Core/Src/stm32f4xx_hal_msp.c:585:6:HAL_I2C_MspDeInit	16	static
../Core/Src/stm32f4xx_hal_msp.c:623:6:HAL_LTDC_MspInit	80	static
../Core/Src/stm32f4xx_hal_msp.c:661:6:HAL_LTDC_MspDeInit	16	static
../Core/Src/stm32f4xx_hal_msp.c:686:6:HAL_QSPI_MspInit	48	static
../Core/Src/stm32f4xx_hal_msp.c:741:6:HAL_QSPI_MspDeInit	16	static
../Core/Src/stm32f4xx_hal_msp.c:777:6:HAL_SD_MspInit	112	static
../Core/Src/stm32f4xx_hal_msp.c:881:6:HAL_SD_MspDeInit	16	static
../Core/Src/stm32f4xx_hal_msp.c:920:6:HAL_TIM_PWM_MspInit	24	static
../Core/Src/stm32f4xx_hal_msp.c:939:6:HAL_TIM_MspPostInit	40	static
../Core/Src/stm32f4xx_hal_msp.c:971:6:HAL_TIM_PWM_MspDeInit	16	static
../Core/Src/stm32f4xx_hal_msp.c:996:6:HAL_UART_MspInit	48	static
../Core/Src/stm32f4xx_hal_msp.c:1032:6:HAL_UART_MspDeInit	16	static
../Core/Src/stm32f4xx_hal_msp.c:1057:13:HAL_FMC_MspInit	32	static
../Core/Src/stm32f4xx_hal_msp.c:1192:6:HAL_SDRAM_MspInit	16	static
../Core/Src/stm32f4xx_hal_msp.c:1204:13:HAL_FMC_MspDeInit	8	static
../Core/Src/stm32f4xx_hal_msp.c:1302:6:HAL_SDRAM_MspDeInit	16	static
