../Core/Src/stm32f4xx_it.c:85:6:NMI_Handler	4	static
../Core/Src/stm32f4xx_it.c:98:6:HardFault_Handler	4	static
../Core/Src/stm32f4xx_it.c:113:6:MemManage_Handler	4	static
../Core/Src/stm32f4xx_it.c:128:6:BusFault_Handler	4	static
../Core/Src/stm32f4xx_it.c:143:6:UsageFault_Handler	4	static
../Core/Src/stm32f4xx_it.c:158:6:DebugMon_Handler	4	static
../Core/Src/stm32f4xx_it.c:178:6:DMA1_Stream0_IRQHandler	8	static
../Core/Src/stm32f4xx_it.c:192:6:DMA1_Stream6_IRQHandler	8	static
../Core/Src/stm32f4xx_it.c:206:6:ADC_IRQHandler	8	static
../Core/Src/stm32f4xx_it.c:221:6:TIM2_IRQHandler	8	static
../Core/Src/stm32f4xx_it.c:235:6:I2C1_EV_IRQHandler	8	static
../Core/Src/stm32f4xx_it.c:249:6:I2C1_ER_IRQHandler	8	static
../Core/Src/stm32f4xx_it.c:263:6:TIM6_DAC_IRQHandler	8	static
../Core/Src/stm32f4xx_it.c:280:6:DMA2_Stream0_IRQHandler	8	static
../Core/Src/stm32f4xx_it.c:294:6:DMA2_Stream2_IRQHandler	8	static
../Core/Src/stm32f4xx_it.c:308:6:DMA2_Stream3_IRQHandler	8	static
../Core/Src/stm32f4xx_it.c:322:6:DMA2_Stream6_IRQHandler	8	static
../Core/Src/stm32f4xx_it.c:336:6:LTDC_IRQHandler	8	static
../Core/Src/stm32f4xx_it.c:350:6:DMA2D_IRQHandler	8	static
../Core/Src/stm32f4xx_it.c:364:6:DSI_IRQHandler	8	static
