../Core/Src/stm32f4xx_hal_msp.c:73:6:HAL_MspInit	16	static
../Core/Src/stm32f4xx_hal_msp.c:97:6:HAL_ADC_MspInit	56	static
../Core/Src/stm32f4xx_hal_msp.c:195:6:HAL_ADC_MspDeInit	16	static
../Core/Src/stm32f4xx_hal_msp.c:264:6:HAL_CRC_MspInit	24	static
../Core/Src/stm32f4xx_hal_msp.c:286:6:HAL_CRC_MspDeInit	16	static
../Core/Src/stm32f4xx_hal_msp.c:308:6:HAL_DAC_MspInit	48	static
../Core/Src/stm32f4xx_hal_msp.c:345:6:HAL_DAC_MspDeInit	16	static
../Core/Src/stm32f4xx_hal_msp.c:376:6:HAL_DMA2D_MspInit	24	static
../Core/Src/stm32f4xx_hal_msp.c:401:6:HAL_DMA2D_MspDeInit	16	static
../Core/Src/stm32f4xx_hal_msp.c:426:6:HAL_DSI_MspInit	48	static
../Core/Src/stm32f4xx_hal_msp.c:464:6:HAL_DSI_MspDeInit	16	static
../Core/Src/stm32f4xx_hal_msp.c:494:6:HAL_I2C_MspInit	48	static
../Core/Src/stm32f4xx_hal_msp.c:538:6:HAL_I2C_MspDeInit	16	static
../Core/Src/stm32f4xx_hal_msp.c:569:6:HAL_LTDC_MspInit	80	static
../Core/Src/stm32f4xx_hal_msp.c:607:6:HAL_LTDC_MspDeInit	16	static
../Core/Src/stm32f4xx_hal_msp.c:632:6:HAL_QSPI_MspInit	48	static
../Core/Src/stm32f4xx_hal_msp.c:687:6:HAL_QSPI_MspDeInit	16	static
../Core/Src/stm32f4xx_hal_msp.c:723:6:HAL_SD_MspInit	112	static
../Core/Src/stm32f4xx_hal_msp.c:827:6:HAL_SD_MspDeInit	16	static
../Core/Src/stm32f4xx_hal_msp.c:866:6:HAL_TIM_PWM_MspInit	24	static
../Core/Src/stm32f4xx_hal_msp.c:885:6:HAL_TIM_MspPostInit	40	static
../Core/Src/stm32f4xx_hal_msp.c:917:6:HAL_TIM_PWM_MspDeInit	16	static
../Core/Src/stm32f4xx_hal_msp.c:942:6:HAL_UART_MspInit	48	static
../Core/Src/stm32f4xx_hal_msp.c:978:6:HAL_UART_MspDeInit	16	static
../Core/Src/stm32f4xx_hal_msp.c:1003:13:HAL_FMC_MspInit	32	static
../Core/Src/stm32f4xx_hal_msp.c:1138:6:HAL_SDRAM_MspInit	16	static
../Core/Src/stm32f4xx_hal_msp.c:1150:13:HAL_FMC_MspDeInit	8	static
../Core/Src/stm32f4xx_hal_msp.c:1248:6:HAL_SDRAM_MspDeInit	16	static
